============================= test session starts =============================
platform win32 -- Python 3.12.10, pytest-9.0.3, pluggy-1.6.0
PyQt6 6.11.0 -- Qt runtime 6.11.1 -- Qt compiled 6.11.0
rootdir: D:\Dev\Scheduler\Cockpit
plugins: qt-4.5.0
collected 23 items

tests\ui\widgets\test_audit_bom_panel.py 
